#-----------------------------------------------------------
# Vivado v2024.1 (64-bit)
# SW Build 5076996 on Wed May 22 18:37:14 MDT 2024
# IP Build 5075265 on Wed May 22 21:45:21 MDT 2024
# SharedData Build 5076995 on Wed May 22 18:29:18 MDT 2024
# Start of session at: Tue Oct  8 00:28:33 2024
# Process ID: 20880
# Current directory: C:/Users/minde/Ambiente de Trabalho/Proj SD/LAB/2/lab_2
# Command line: vivado.exe -gui_launcher_event rodinguilauncherevent26416 C:\Users\minde\Ambiente de Trabalho\Proj SD\LAB\2\lab_2\lab_2.xpr
# Log file: C:/Users/minde/Ambiente de Trabalho/Proj SD/LAB/2/lab_2/vivado.log
# Journal file: C:/Users/minde/Ambiente de Trabalho/Proj SD/LAB/2/lab_2\vivado.jou
# Running On        :Jaime
# Platform          :Windows Server 2016 or Windows 10
# Operating System  :22631
# Processor Detail  :13th Gen Intel(R) Core(TM) i9-13900H
# CPU Frequency     :2995 MHz
# CPU Physical cores:14
# CPU Logical cores :20
# Host memory       :33954 MB
# Swap memory       :2147 MB
# Total Virtual     :36101 MB
# Available Virtual :20223 MB
#-----------------------------------------------------------
start_gui
open_project {C:/Users/minde/Ambiente de Trabalho/Proj SD/LAB/2/lab_2/lab_2.xpr}
update_compile_order -fileset sources_1
add_files -norecurse -scan_for_includes {{C:/Users/minde/Ambiente de Trabalho/Proj SD/LAB/2/lab_2/lab_2.srcs/sources_1/new/circuito.vhd}}
update_compile_order -fileset sources_1
update_compile_order -fileset sources_1
add_files -norecurse -scan_for_includes {{C:/Users/minde/Ambiente de Trabalho/Proj SD/LAB/2/lab_2/lab_2.srcs/sources_1/new/memOUT.vhd}}
update_compile_order -fileset sources_1
set_property SOURCE_SET sources_1 [get_filesets sim_1]
add_files -fileset sim_1 -norecurse -scan_for_includes {{C:/Users/minde/Ambiente de Trabalho/memIN_tb.vhd}}
import_files -fileset sim_1 -norecurse {{C:/Users/minde/Ambiente de Trabalho/memIN_tb.vhd}}
update_compile_order -fileset sim_1
add_files -fileset constrs_1 -norecurse {{C:/Users/minde/Ambiente de Trabalho/Lab2_Constraints.xdc}}
import_files -fileset constrs_1 {{C:/Users/minde/Ambiente de Trabalho/Lab2_Constraints.xdc}}
